// Jest Snapshot v1, https://goo.gl/fbAQLP

exports[`renders correctly 1`] = `
<section>
  <div>
    PREV
  </div>
  <div>
    <section>
      <div>
        <iframe
          allowfullscreen={true}
          frameborder="0"
          height="360"
          mozallowfullscreen={true}
          src="https://player.vimeo.com/video/206456987"
          webkitallowfullscreen={true}
          width="640"
        />
      </div>
    </section>
    <section>
      <div>
        <p>
          Shift
        </p>
        <p>
          Switch between Gmail accounts like a boss
        </p>
      </div>
    </section>
  </div>
  <div>
    NEXT
  </div>
</section>
`;
