// Jest Snapshot v1, https://goo.gl/fbAQLP

exports[`renders correctly 1`] = `
<section>
  <div>
    <p>
      Shift
    </p>
    <p>
      Switch between Gmail accounts like a boss
    </p>
  </div>
</section>
`;
